4a000000 T _start
4a000020 t _undefined_instruction
4a000024 t _software_interrupt
4a000028 t _prefetch_abort
4a00002c t _data_abort
4a000030 t _not_used
4a000034 t _irq
4a000038 t _fiq
4a00003c t _pad
4a000040 T _TEXT_BASE
4a000040 T _end_vect
4a000044 T _bss_start_ofs
4a000048 T _image_copy_end_ofs
4a00004c T _bss_end_ofs
4a000050 T _end_ofs
4a000054 T IRQ_STACK_START_IN
4a000058 t reset
4a000070 t call_board_init_f
4a000080 T relocate_code
4a00008c t stack_setup
4a0000ac t copy_loop
4a0000dc t fixloop
4a000100 t fixabs
4a000114 t fixrel
4a00011c t fixnext
4a000130 t _rel_dyn_start_ofs
4a000134 t _rel_dyn_end_ofs
4a000138 t _dynsym_start_ofs
4a00013c t clear_bss
4a000154 t clbss_l
4a000164 t jump_2_ram
4a00018c t _board_init_r_ofs
4a000190 t cpu_init_crit
4a0001e0 t undefined_instruction
4a000240 t software_interrupt
4a0002a0 t prefetch_abort
4a000300 t data_abort
4a000360 t not_used
4a0003c0 t irq
4a000420 t fiq
4a000480 t v7_maint_dcache_all
4a000580 t v7_dcache_maint_range
4a000648 T invalidate_dcache_all
4a00065c T flush_dcache_all
4a000670 T invalidate_dcache_range
4a000694 T flush_dcache_range
4a0006b8 T arm_init_before_mmu
4a0006e0 T flush_cache
4a0006e8 T invalidate_icache_all
4a000700 T __v7_outer_cache_enable
4a000700 W v7_outer_cache_enable
4a000704 T __v7_outer_cache_disable
4a000704 W v7_outer_cache_disable
4a000708 T __v7_outer_cache_flush_all
4a000708 W v7_outer_cache_flush_all
4a00070c T __v7_outer_cache_inval_all
4a00070c W v7_outer_cache_inval_all
4a000710 T __v7_outer_cache_flush_range
4a000710 W v7_outer_cache_flush_range
4a000714 T __v7_outer_cache_inval_range
4a000714 W v7_outer_cache_inval_range
4a000718 T save_boot_params_default
4a000718 W save_boot_params
4a00071c T cleanup_before_linux
4a00073c T sdelay
4a000748 T sr32
4a00076c T wait_on_value
4a0007a0 T timer_init
4a0007c0 T get_timer_masked
4a00081c T get_timer
4a000830 T __udelay
4a00088c T get_ticks
4a00089c T get_tbclk
4a0008a4 T tick_printf
4a0008a8 T stick_printf
4a0008ec T print_boot_type
4a000968 T print_cpuinfo
4a000980 T watchdog_init
4a000994 T clock_init
4a00099c T gpio_init
4a0009a0 T sdram_init
4a0009a8 T get_base
4a0009b4 T is_running_in_sdram
4a0009cc T s_init
4a0009e0 T reset_cpu
4a0009fc T enable_caches
4a000a00 T sunxi_key_init
4a000a8c T sunxi_read_key
4a000aac T sunxi_check_recovery
4a000b24 T sunxi_check_fastboot
4a000b9c T sunxi_key_hexdump
4a000c18 T do_key_test
4a000c50 t fastboot_bulk_endpoint_reset
4a000d34 t ReadDataStatusComplete
4a000d7c t WriteDataStatusComplete.constprop.4
4a000dd4 t fastboot_resume
4a0016d0 T fastboot_shutdown
4a001724 T fastboot_is_highspeed
4a001740 T fastboot_fifo_size
4a00175c T fastboot_poll
4a001ac4 T fastboot_tx_status
4a001bcc T fastboot_tx
4a001bd0 T fastboot_getvar
4a001bd8 T fastboot_preboot
4a001be0 T close_usb_clock
4a001c04 T fastboot_init
4a001e10 T _unsparse
4a001fe8 T do_unsparse
4a002040 t calc_crc32.constprop.0
4a0020d8 T sunxi_partition_get_total_num
4a002100 T sunxi_partition_get_name
4a002128 T sunxi_partition_get_offset
4a002190 T sunxi_partition_get_size
4a0021f8 T sunxi_partition_get_offset_byname
4a002294 T sunxi_partition_get_size_byname
4a002330 T sunxi_partition_get_info_byname
4a0023f4 T sunxi_partition_init
4a0025c4 t null_irq_hdle
4a0025c8 T irq_request
4a0025e0 T irq_free
4a002600 T irq_enable
4a002644 T irq_disable
4a002688 T gic_sgi_handler
4a00268c T gic_ppi_handler
4a002690 T gic_spi_handler
4a0026b8 T gic_clear_pending
4a0026dc T gic_irq_handler
4a002720 T init_gic
4a002880 t _test_str_length
4a0028b0 t sw_cfg_get_subkey
4a002940 T sw_cfg_get_int
4a002970 T sw_cfg_get_str
4a0029c0 T script_parser_init_early
4a0029e0 T script_parser_init
4a002a0c T script_parser_exit
4a002a24 T script_parser_fetch
4a002c4c T script_parser_patch
4a002e90 T script_parser_fetch_ex
4a0030e4 T script_parser_subkey_count
4a003190 T script_parser_mainkey_count
4a0031ac T script_parser_mainkey_get_gpio_count
4a003294 T script_parser_mainkey_get_gpio_cfg
4a003400 T sw_gpio_init
4a003408 T gpio_exit
4a003410 T gpio_request
4a003880 T gpio_request_ex
4a003920 T gpio_release
4a003b18 T gpio_get_all_pin_status
4a003db0 T gpio_get_one_pin_status
4a003f18 T gpio_set_one_pin_status
4a0040bc T gpio_set_one_pin_io_status
4a004184 T gpio_set_one_pin_pull
4a00424c T gpio_set_one_pin_driver_level
4a004314 T gpio_read_one_pin_value
4a0043dc T gpio_write_one_pin_value
4a0044bc T USBC_GetVbusStatus
4a0044f0 T USBC_OTG_SelectMode
4a0044f4 T USBC_ReadLenFromFifo
4a004520 T USBC_WritePacket
4a00458c T USBC_ReadPacket
4a0045f8 T USBC_ConfigFIFO_Base
4a004630 T USBC_GetPortFifoStartAddr
4a004660 T USBC_GetPortFifoSize
4a004684 T USBC_SelectFIFO
4a004694 T __USBC_ConfigFifo_TxEp
4a0046e8 T __USBC_ConfigFifo_RxEp_Default
4a0046f8 T __USBC_ConfigFifo_RxEp
4a00474c T USBC_ConfigFifo_Default
4a004784 T USBC_ConfigFifo
4a0047c0 T USBC_GetLastFrameNumber
4a0047d0 T USBC_GetStatus_Dp
4a0047e8 T USBC_GetStatus_Dm
4a004800 T USBC_GetStatus_DpDm
4a004824 T USBC_GetOtgMode_Form_ID
4a00484c T USBC_GetOtgMode_Form_BDevice
4a004864 T USBC_SelectBus
4a0048ac T USBC_INT_EpPending
4a0048e8 T USBC_INT_ClearEpPending
4a00493c T USBC_INT_ClearEpPendingAll
4a004974 T USBC_INT_MiscPending
4a004988 T USBC_INT_ClearMiscPending
4a00499c T USBC_INT_ClearMiscPendingAll
4a0049b0 T USBC_INT_EnableEp
4a004a0c T USBC_INT_EnableUsbMiscUint
4a004a28 T USBC_INT_DisableEp
4a004a74 T USBC_INT_DisableUsbMiscUint
4a004a8c T USBC_INT_DisableEpAll
4a004abc T USBC_INT_DisableUsbMiscAll
4a004ad0 T USBC_GetActiveEp
4a004ae4 T USBC_SelectActiveEp
4a004af4 T USBC_EnhanceSignal
4a004af8 T USBC_EnterMode_TestPacket
4a004b10 T USBC_EnterMode_Test_K
4a004b28 T USBC_EnterMode_Test_J
4a004b40 T USBC_EnterMode_Test_SE0_NAK
4a004b58 T USBC_EnterMode_Idle
4a004ba4 T USBC_SetWakeUp_Default
4a004ba8 T USBC_EnableIdPullUp
4a004bc0 T USBC_DisableIdPullUp
4a004bd8 T USBC_EnableDpDmPullUp
4a004bf0 T USBC_DisableDpDmPullUp
4a004c08 T USBC_ForceId
4a004c40 T USBC_ForceVbusValid
4a004c88 T USBC_A_valid_InputSelect
4a004c8c T USBC_EnableUsbLineStateBypass
4a004c90 T USBC_DisableUsbLineStateBypass
4a004c94 T USBC_EnableHosc
4a004cac T USBC_DisableHosc
4a004cc0 T USBC_IsVbusChange
4a004cdc T USBC_IsIdChange
4a004cf8 T USBC_IsDpDmChange
4a004d14 T USBC_DisableWakeIrq
4a004d28 T USBC_DisableVbusChange
4a004d3c T USBC_DisableIdChange
4a004d50 T USBC_DisableDpDmChange
4a004d64 T USBC_EnableWakeIrq
4a004d7c T USBC_EnableVbusChange
4a004d94 T USBC_EnableIdChange
4a004dac T USBC_EnableDpDmChange
4a004dc4 T USBC_TestMode_ReadReg
4a004e04 T USBC_PrintAllReg
4a005160 T USBC_open_otg
4a0051a4 T USBC_close_otg
4a0051cc T USBC_init
4a005208 T USBC_exit
4a00524c T USBC_Dev_SetAddress_default
4a005260 T USBC_Dev_SetAddress
4a005270 T USBC_Dev_QueryTransferMode
4a005290 T USBC_Dev_ConfigTransferMode
4a005300 T USBC_Dev_ConectSwitch
4a005324 T USBC_Dev_QueryPowerStatus
4a005338 T USBC_Dev_ConfigEp
4a005444 T USBC_Dev_ConfigEp_Default
4a0054ac T USBC_Dev_ConfigEpDma
4a005504 T USBC_Dev_ClearEpDma
4a005564 T USBC_Dev_IsEpStall
4a0055ac T USBC_Dev_EpSendStall
4a005614 T USBC_Dev_EpClearStall
4a0056bc T USBC_Dev_Ctrl_IsSetupEnd
4a0056d0 T USBC_Dev_Ctrl_ClearSetupEnd
4a0056e8 T USBC_Dev_WriteDataStatus
4a00576c T USBC_Dev_ReadDataStatus
4a0057f0 T USBC_Dev_IsReadDataReady
4a005830 T USBC_Dev_IsWriteDataReady
4a00586c T USBC_Host_SetFunctionAddress_Deafult
4a0058c8 T USBC_Host_SetFunctionAddress
4a005950 T USBC_Host_SetHubAddress_Deafult
4a005980 T USBC_Host_SetHubAddress
4a0059c8 T USBC_Host_SetHPortAddress_Deafult
4a0059f8 T USBC_Host_SetHPortAddress
4a005a20 T USBC_Host_QueryTransferMode
4a005a40 T USBC_Host_ConfigTransferMode
4a005a74 T USBC_Host_ResetPort
4a005a8c T USBC_Host_ClearResetPortFlag
4a005aa4 T USBC_Host_RusumePort
4a005abc T USBC_Host_ClearRusumePortFlag
4a005ad4 T USBC_Host_SuspendPort
4a005aec T USBC_Host_QueryPowerStatus
4a005b00 T USBC_Host_StartSession
4a005b18 T USBC_Host_EndSession
4a005b30 T USBC_Host_PeripheralType
4a005b50 T USBC_Host_FlushFifo
4a005b98 T USBC_Host_ConfigEp_Default
4a005c1c T USBC_Host_ConfigEp
4a005d7c T USBC_Host_ConfigEpDma
4a005dc0 T USBC_Host_ClearEpDma
4a005e10 T USBC_Host_IsEpNakTimeOut
4a005e54 T USBC_Host_ClearEpNakTimeOut
4a005eac T USBC_Host_IsEpError
4a005f00 T USBC_Host_ClearEpError
4a005f68 T USBC_Host_IsEpStall
4a005fb4 T USBC_Host_ClearEpStall
4a006020 T USBC_Host_ClearEpCSR
4a00605c T USBC_Host_IsReadDataReady
4a00609c T USBC_Host_IsWriteDataReady
4a0060e4 T USBC_Host_ReadDataStatus
4a006184 T USBC_Host_WriteDataStatus
4a006208 T USBC_Host_IsReqPktSet
4a006248 T USBC_Host_StartInToken
4a00628c T USBC_Host_StopInToken
4a0062dc T USBC_Host_ConfigRqPktCount
4a0062f4 T USBC_Host_ClearRqPktCount
4a006308 T USBC_Host_EnablePing
4a006328 T USBC_Host_DisablePing
4a006340 T USBC_Host_SendCtrlStatus
4a006364 T USBC_Host_SendSetupPkt
4a00637c t usb_phy0_write.constprop.0
4a0063b0 T USBC_PHY_SetCommonConfig
4a0063b4 T USBC_PHY_SetPrivateConfig
4a0063b8 T USBC_PHY_GetCommonConfig
4a0063c0 T USBC_phy_Standby
4a006414 T USBC_Phy_Standby_Recover
4a006418 t _TEXT_BASE
4a00641c T lowlevel_init
4a006438 t SRAM_STACK
4a00643c T sunxi_pre_clean
4a00643c T sunxi_reset
4a00644c t _loop_forever
4a006454 t display_banner
4a006474 t init_baudrate
4a0064c4 T __coloured_LED_init
4a0064c4 W coloured_LED_init
4a0064c8 T __red_LED_on
4a0064c8 W red_LED_on
4a0064cc T __red_LED_off
4a0064cc W red_LED_off
4a0064d0 T __green_LED_on
4a0064d0 W green_LED_on
4a0064d4 T __green_LED_off
4a0064d4 W green_LED_off
4a0064d8 T __yellow_LED_on
4a0064d8 W yellow_LED_on
4a0064dc T __yellow_LED_off
4a0064dc W yellow_LED_off
4a0064e0 T __blue_LED_on
4a0064e0 W blue_LED_on
4a0064e4 T __blue_LED_off
4a0064e4 W blue_LED_off
4a0064e8 T __dram_init_banksize
4a006504 T board_init_r
4a006770 T hang
4a006784 T board_init_f
4a0068c4 t setup_start_tag
4a0068fc t setup_memory_tags
4a006934 t setup_initrd_tag.isra.0
4a00696c t setup_commandline_tag.isra.2
4a0069e0 T arch_lmb_reserve
4a006a04 T do_bootm_linux
4a006af0 T do_boota_linux
4a006bd4 T __flush_cache
4a006bd8 T __flush_dcache_all
4a006be4 T __enable_caches
4a006bf0 t cp_delay
4a006c20 t cache_enable
4a006cdc t cache_disable
4a006d14 T __arm_init_before_mmu
4a006d18 T icache_enable
4a006d20 T icache_disable
4a006d28 T icache_status
4a006d3c T dcache_enable
4a006d44 T dcache_disable
4a006d4c T dcache_status
4a006d60 T interrupt_init
4a006d7c T enable_interrupts
4a006d80 T disable_interrupts
4a006d88 T bad_mode
4a006d98 T show_regs
4a006ed8 T do_undefined_instruction
4a006ef8 T do_software_interrupt
4a006f18 T do_prefetch_abort
4a006f38 T do_data_abort
4a006f58 T do_not_used
4a006f78 T do_fiq
4a006f98 T do_irq
4a006fb8 T do_reset
4a006fe8 W do_go_exec
4a007000 T do_go
4a007070 T do_boota
4a00719c t __fswab32
4a0071b8 T do_bootd
4a0071dc t do_bootm_rtems
4a007218 t do_bootm_netbsd
4a007358 t image_get_size
4a007360 t bootm_load_os.isra.9
4a0074bc t bootm_start.isra.8
4a007840 T __arch_preboot_os
4a007840 W arch_preboot_os
4a007844 T do_bootm_subcommand
4a007a88 T do_bootm
4a007d1c T bootm_maybe_autostart
4a007d90 T do_exit
4a007dc0 t reset_handler
4a007df0 t memparse
4a007e58 t set_env
4a007e8c t save_env
4a008000 t parse_env.constprop.1
4a008238 T fastboot_flash_add_ptn
4a008274 T fastboot_flash_dump_ptn
4a0082c4 T fastboot_flash_find_ptn
4a008348 t rx_handler
4a008ef4 T fastboot_flash_get_ptn
4a008f18 T do_fastboot
4a009500 T fastboot_flash_get_ptn_count
4a009510 T do_fat_fsinfo
4a0095e8 T do_fat_ls
4a0096f0 T do_fat_fsdown
4a009860 T do_fat_fsload
4a0099e0 T do_help
4a009a24 T do_mem_base
4a009a64 T do_mem_mtest
4a009c04 T do_mem_loop
4a009cf8 T do_mem_md
4a009dd0 T do_mem_crc
4a009e78 T do_mem_cp
4a009f58 T do_mem_cmp
4a00a0e4 T do_mem_mw
4a00a1a0 t mod_mem.part.4
4a00a2dc T do_mem_nm
4a00a2f4 T do_mem_mm
4a00a30c T do_mmcops
4a00a73c T do_mmcinfo
4a00a8cc t nand_print_info
4a00a928 T do_nandboot
4a00ac28 t arg_off_size
4a00ae80 T do_nand
4a00b810 t do_env
4a00b870 t do_env_delete
4a00b888 t do_env_import
4a00bad8 t do_env_default
4a00bb20 T do_env_save
4a00bb4c t env_print
4a00bbe4 T do_env_print
4a00bc68 T get_env_id
4a00bc78 T _do_env_set
4a00c028 T do_env_set
4a00c044 T setenv
4a00c090 t do_env_export
4a00c2ac T envmatch
4a00c310 T getenv_f
4a00c3cc T getenv
4a00c438 T do_sunxi_flash
4a00c560 T do_false
4a00c568 T do_true
4a00c570 T do_test
4a00c9dc T do_version
4a00ca14 T find_cmd_tbl
4a00cab0 T find_cmd
4a00cad8 T cmd_usage
4a00cb34 T _do_help
4a00ccb8 T var_complete
4a00cd40 T cmd_auto_complete
4a00d1bc T cmd_get_data_size
4a00d20c t console_setfile
4a00d2b0 T serial_printf
4a00d2f0 T fgetc
4a00d31c T ftstc
4a00d348 T fputc
4a00d370 T fputs
4a00d398 T fprintf
4a00d3e0 T getc
4a00d3f8 T tstc
4a00d410 T putc
4a00d42c T puts
4a00d448 T printf
4a00d488 T vprintf
4a00d4bc T ctrlc
4a00d508 T disable_ctrlc
4a00d520 T had_ctrlc
4a00d530 T clear_ctrlc
4a00d544 T dbg
4a00d550 T search_device
4a00d578 T console_assign
4a00d5b8 T console_init_f
4a00d5c8 T stdio_print_current_devices
4a00d67c T console_init_r
4a00d764 T sbrk
4a00d7c0 T mem_malloc_init
4a00d7e4 T malloc_trim
4a00d8b4 T free
4a00dad8 T cfree
4a00dadc T malloc
4a00e0ac T calloc
4a00e180 T memalign
4a00e290 T pvalloc
4a00e2a8 T valloc
4a00e2b4 T realloc
4a00e6bc T malloc_usable_size
4a00e6f8 T mallopt
4a00e76c T env_get_addr
4a00e790 T env_get_char_memory
4a00e7a0 T env_get_char
4a00e7d4 T set_default_env
4a00e878 T env_import
4a00e948 T env_relocate
4a00e978 T env_complete
4a00ea5c t flash_env_relocate_spec
4a00eae4 t flash_saveenv
4a00ebb0 T env_get_char_spec
4a00ebbc T env_init
4a00ebd8 T saveenv
4a00ebe8 T env_relocate_spec
4a00ebec t dummy
4a00ebf0 T get_version
4a00ebf8 T jumptable_init
4a00ed88 t b_reset
4a00eda4 t static_get
4a00edc0 t static_peek
4a00edcc t file_peek
4a00edd8 t syntax_err
4a00ede4 T do_showvar
4a00eed4 t free_pipe_list
4a00efb4 t b_addchr
4a00f02c t b_addqchr
4a00f078 t is_assignment.part.0
4a00f0a8 t xmalloc
4a00f0c8 t file_get
4a00f280 t xrealloc
4a00f2a0 t done_command
4a00f328 T simple_itoa
4a00f380 T get_local_var
4a00f410 t insert_var_value
4a00f544 T set_local_var
4a00f700 T unset_local_var
4a00f7a0 T new_pipe
4a00f7c8 t done_pipe
4a00f810 T reserved_word
4a00f968 t done_word
4a00fad4 T mapset
4a00faf8 T update_ifs_map
4a00fb68 T parse_string_outer
4a00fc58 t run_list_real
4a010474 t parse_stream_outer
4a010a54 T parse_file_outer
4a010a98 T u_boot_hush_start
4a010aec t __fswab32
4a010b08 t image_check_magic
4a010b2c t image_get_data_size
4a010b34 T image_check_hcrc
4a010b84 T image_check_dcrc
4a010bc0 T image_multi_count
4a010be4 T image_multi_getimg
4a010c68 T getenv_yesno
4a010c90 T getenv_bootm_low
4a010cc0 T getenv_bootm_size
4a010d1c T getenv_bootm_mapsize
4a010d4c T memmove_wd
4a010d58 T genimg_print_size
4a010d88 T get_table_entry_name
4a010db4 T genimg_get_os_name
4a010dcc T genimg_get_arch_name
4a010de4 T genimg_get_type_name
4a010dfc T genimg_get_comp_name
4a010e14 T image_print_contents
4a010f8c T get_table_entry_id
4a010fd8 T genimg_get_os_id
4a010ff0 T genimg_get_arch_id
4a011008 T genimg_get_type_id
4a011020 T genimg_get_comp_id
4a011038 T genimg_get_format
4a01104c T genimg_get_image
4a011050 T genimg_has_config
4a011058 T boot_get_ramdisk
4a011288 T boot_ramdisk_high
4a0113a8 T boot_get_cmdline
4a011428 t delete_char.part.0
4a0114fc t cread_add_char
4a0115e8 T __show_boot_progress
4a0115e8 W show_boot_progress
4a0115ec T main_loop
4a01164c T readline_into_buffer
4a011f74 T readline
4a011f90 T parse_line
4a01201c T run_command
4a0123c8 T do_run
4a01243c T get_ram_size
4a012544 t hex1_bin
4a01257c t hex2_bin
4a0125b0 T srec_decode
4a012818 T stdio_get_list
4a012824 T stdio_get_by_name
4a012878 T stdio_clone
4a0128c0 T stdio_register
4a012904 T stdio_init
4a01298c T CYGACC_COMM_IF_GETC_TIMEOUT
4a0129d8 t xyzModem_flush
4a012a00 t xyzModem_get_hdr
4a012c74 T CYGACC_COMM_IF_PUTC
4a012c7c T parse_num
4a012d98 T xyzModem_stream_open
4a012ee4 T xyzModem_stream_read
4a013134 T xyzModem_stream_close
4a013184 T xyzModem_stream_terminate
4a013218 T xyzModem_error
4a013238 T get_dev
4a013298 T dev_print
4a0134b0 T init_part
4a0134cc T get_partition_info
4a0134f4 T print_part
4a0135dc t le32_to_int
4a013600 t is_extended
4a013624 t get_partition_info_extended
4a01385c t print_partition_extended
4a013a60 T test_part_dos
4a013ac8 T print_part_dos
4a013af4 T get_partition_info_dos
4a013b10 T DMA_Request
4a013b98 T DMA_Release
4a013bbc T DMA_Setting
4a013cd0 T DMA_Start
4a013cf4 T DMA_Stop
4a013d0c T DMA_Restart
4a013d24 T DMA_QueryStatus
4a013d34 T DMA_QueryChannalNo
4a013d3c t __fswab32
4a013d58 T __board_mmc_getcd
4a013d58 W board_mmc_getcd
4a013d60 T mmc_send_cmd
4a013d70 T mmc_send_status
4a013e34 T mmc_set_blocklen
4a013e6c T find_mmc_device
4a013eb0 t mmc_berase
4a014024 t mmc_bwrite
4a0141bc T mmc_read_blocks
4a01429c t mmc_bread
4a014340 T mmc_go_idle
4a014394 T sd_send_op_cond
4a0144f0 T mmc_send_op_cond
4a014658 T mmc_send_ext_csd
4a0146ac T mmc_switch
4a014708 T mmc_change_freq
4a0147b8 T mmc_switch_part
4a0147f4 T sd_switch
4a014864 T sd_change_freq
4a014a40 T mmc_set_ios
4a014a50 T mmc_set_clock
4a014a6c T mmc_set_bus_width
4a014a80 T mmc_startup
4a015098 T mmc_send_if_cond
4a015118 T mmc_register
4a0151a0 T mmc_get_dev
4a0151b4 T mmc_init
4a015278 W cpu_mmc_init
4a015278 t __def_mmc_init
4a015280 T print_mmc_devices
4a0152e4 T get_mmc_num
4a0152f4 T mmc_initialize
4a015340 t mmc_update_clk
4a0153a0 t mmc_core_init
4a0153b8 t mmc_send_cmd
4a0158f8 T ccm_get_pll5_dev_clk
4a015944 T ccm_get_pll6_dev_clk
4a01597c T smc_set_card_clk
4a015a80 t mmc_set_ios
4a015b1c T sunxi_mmc_init
4a015d24 T nand_init
4a015dd0 t nand_release_device
4a015de8 t nand_read_byte
4a015dfc t nand_read_byte16
4a015e10 t nand_read_word
4a015e20 t nand_write_buf
4a015e4c t nand_read_buf
4a015e78 t nand_verify_buf
4a015ebc t nand_write_buf16
4a015eec t nand_read_buf16
4a015f18 t nand_verify_buf16
4a015f5c t nand_block_bad
4a01604c t nand_check_wp
4a016088 t nand_read_page_raw
4a0160c0 t nand_read_page_raw_syndrome
4a016194 t nand_read_page_swecc
4a0162a8 t nand_read_subpage
4a016520 t nand_read_page_hwecc
4a016658 t nand_read_page_hwecc_oob_first
4a01678c t nand_read_page_syndrome
4a0168b4 t nand_read_oob_std
4a0168fc t nand_read_oob_syndrome
4a016a04 t nand_write_oob_std
4a016a74 t nand_write_oob_syndrome
4a016c28 t nand_write_page_raw
4a016c5c t nand_write_page_raw_syndrome
4a016d2c t nand_write_page_swecc
4a016ddc t nand_write_page_hwecc
4a016e9c t nand_write_page_syndrome
4a016f90 t single_erase_cmd
4a016fcc t multi_erase_cmd
4a017054 t nand_sync
4a017064 t nand_block_checkbad
4a0170e4 t nand_block_isbad
4a017114 t nand_block_markbad
4a017150 t nand_write_page
4a0171f8 t nand_fill_oob
4a017300 t nand_do_write_oob
4a0174b0 t nand_do_write_ops
4a017780 t nand_write_oob
4a017824 t nand_write
4a0178a8 t nand_default_block_markbad
4a017994 t nand_wait
4a017a68 t generic_ffs.part.0
4a017aac t nand_select_chip
4a017b04 t nand_transfer_oob
4a017c0c T nand_wait_ready
4a017c58 t nand_do_read_ops
4a01805c t nand_read_oob
4a018308 t nand_read
4a01838c t nand_command
4a01855c t nand_command_lp
4a0187bc T nand_erase_nand
4a018ba4 t nand_erase
4a018bac T nand_scan_ident
4a0191b4 T nand_scan_tail
4a01973c T nand_scan
4a019760 T nand_release
4a019788 t check_pattern
4a01983c t scan_read_raw
4a019884 t create_bbt
4a019b5c t search_bbt
4a019d90 t read_bbt
4a019fc4 t read_abs_bbt
4a01a0b8 t write_bbt
4a01a708 T nand_update_bbt
4a01a844 t mark_bbt_region
4a01a9d0 T nand_scan_bbt
4a01ae90 T nand_default_bbt
4a01af44 T nand_isbad_bbt
4a01af98 T nand_calculate_ecc
4a01b088 T nand_correct_data
4a01b1ac t nand_block_bad_scrub
4a01b1b4 t check_skip_len
4a01b244 T nand_erase_opts
4a01b5a4 T nand_write_skip_bad
4a01b788 T nand_read_skip_bad
4a01b988 T board_nand_init
4a01b998 T sunxi_nand_read_opts
4a01b9ec T sunxi_nand_write_opts
4a01ba40 T sunxi_nand_erase_opts
4a01ba48 T sunxi_nand_flush_opts
4a01ba58 T NS16550_init
4a01baa4 T NS16550_reinit
4a01baf4 T NS16550_putc
4a01bb08 T NS16550_getc
4a01bb20 T NS16550_tstc
4a01bb2c t calc_divisor.isra.0
4a01bb50 T serial_init
4a01bbc0 T _serial_putc
4a01bbf8 T _serial_putc_raw
4a01bc14 T _serial_puts
4a01bc3c T _serial_getc
4a01bc58 T _serial_tstc
4a01bc6c T _serial_setbrg
4a01bc94 T serial_putc
4a01bca8 T serial_putc_raw
4a01bcbc T serial_puts
4a01bcd0 T serial_getc
4a01bce4 T serial_tstc
4a01bcf8 T serial_setbrg
4a01bd0c t sunxi_flash_null_read
4a01bd14 t sunxi_flash_null_write
4a01bd1c t sunxi_flash_null_get_size
4a01bd28 t sunxi_flash_null_exit
4a01bd30 t sunxi_flash_mmc_read
4a01bd74 t sunxi_flash_mmc_write
4a01bdb8 t sunxi_flash_mmc_get_size
4a01bdd0 t sunxi_flash_mmc_exit
4a01bdd8 t sunxi_flash_nand_exit
4a01bddc t sunxi_flash_nand_get_size
4a01bdec t sunxi_flash_nand_write
4a01be24 t sunxi_flash_nand_read
4a01be5c T sunxi_flash_handle_init
4a01bf70 t dirdelim
4a01bfa4 T downcase
4a01bfc8 T disk_read
4a01c01c T fat_register_device
4a01c12c T get_name
4a01c1f0 T get_fatent
4a01c340 T get_cluster
4a01c3dc T get_contents
4a01c560 T slot2str
4a01c62c T get_vfatname
4a01c7f0 T mkcksum
4a01c820 T read_bootsectandvi
4a01c910 T do_fat_read
4a01d1e0 T file_fat_detectfs
4a01d338 T file_fat_ls
4a01d348 T file_fat_read
4a01d380 t set_name
4a01d4ac t disk_write
4a01d538 t flush_fat_buffer
4a01d580 t get_fatent_value
4a01d6ec t set_fatent_value
4a01d7e4 t set_cluster
4a01d878 t set_contents
4a01da3c t flush_dir_table.constprop.5
4a01db20 t do_fat_write
4a01e560 T file_fat_write
4a01e594 T file_getfsname
4a01e5ac T file_cd
4a01e7a4 T file_detectfs
4a01e7e0 T file_ls
4a01e864 T file_read
4a01e8f8 T crc7
4a01e928 T cyg_crc16
4a01e970 T crc32_no_comp
4a01ea50 T crc32
4a01ea64 T crc32_wd
4a01ea68 T display_options
4a01ea88 T print_size
4a01ebcc T print_buffer
4a01ed38 T zfree
4a01ed40 T zalloc
4a01ed50 T zunzip
4a01ee58 T gunzip
4a01ef04 t cmpkey
4a01ef18 T hcreate_r
4a01efc4 T hdestroy_r
4a01f038 T hstrstr_r
4a01f0e4 T hmatch_r
4a01f184 T hsearch_r
4a01f474 T hdelete_r
4a01f4fc T hexport_r
4a01f718 T himport_r
4a01f958 t lmb_add_region
4a01fb20 T lmb_dump_all
4a01fb24 T lmb_init
4a01fb4c T lmb_add
4a01fb50 T lmb_free
4a01fc74 T lmb_reserve
4a01fc7c T lmb_overlaps_region
4a01fcd8 T __lmb_alloc_base
4a01fe08 T lmb_alloc_base
4a01fe3c T lmb_alloc
4a01fe44 T lmb_is_reserved
4a01fea4 T __board_lmb_reserve
4a01fea4 W board_lmb_reserve
4a01fea8 T __arch_lmb_reserve
4a01feac T ldiv
4a01fefc T string_to_ip
4a01ff6c T qsort
4a02003c T strcmp_compar
4a020048 T strmhz
4a0200b4 T __div64_32
4a0201a0 T strcpy
4a0201b8 T strncpy
4a0201dc T strcat
4a020208 T strncat
4a02025c T strcmp
4a020284 T strncmp
4a0202c8 T strchr
4a0202fc T strlen
4a02031c T strrchr
4a020358 T strnlen
4a020384 T strdup
4a0203b8 T strspn
4a0203f8 T strpbrk
4a020434 T strtok
4a0204ac T strsep
4a0204e0 T strswab
4a02052c T memset
4a02059c T bcopy
4a0205c4 T memcpy
4a020630 T memmove
4a02069c T memcmp
4a0206d0 T memscan
4a0206fc T strstr
4a02075c T memchr
4a02078c T udelay
4a0207bc t string
4a020858 t put_dec
4a020a88 t number
4a020cf8 T simple_strtoul
4a020da4 T strict_strtoul
4a020e1c T simple_strtol
4a020e44 T ustrtoul
4a020eb8 T simple_strtoull
4a020fb8 T vsprintf
4a021408 T sprintf
4a02142c T panic
4a021470 T __assert_fail
4a021484 T zcfree
4a02148c T zcalloc
4a021494 T inflate_fast
4a021a40 T inflate_table
4a022014 T inflateReset
4a022094 T inflateInit2_
4a02219c T inflateInit_
4a0221b0 T inflateEnd
4a02221c T adler32
4a022514 T inflate
4a023b90 T nand_write_uboot
4a023bc4 T nand_read_uboot
4a023bf8 T nand_get_dev
4a023c18 T nand_erase_uboot
4a023dac T nand_init_uboot
4a023e0c T NAND_PhyRead
4a023e10 T NAND_PhyRead_Seq
4a023e14 T NAND_PhyRead_1K
4a023e18 T NAND_PhyWrite
4a023e1c T NAND_PhyWrite_1K
4a023e20 T NAND_PhyWrite_Seq
4a023e24 T NAND_PhyErase
4a023e28 T NAND_PhyInit
4a023ed8 T NAND_PhyExit
4a023ee8 T NAND_LogicWrite
4a023eec T NAND_LogicRead
4a023ef0 T NAND_Init
4a023f9c T NAND_Exit
4a023fc0 T NAND_HWScanStart
4a024030 T NAND_HWScanStop
4a02404c T NAND_VersionGet
4a024074 T NAND_VersionCheck
4a0241e0 T NAND_EraseBootBlocks
4a024244 T NAND_EraseChip
4a024650 T NAND_BadBlockScan
4a0249f4 T NAND_RequestDMA
4a024a10 T NAND_ReleaseDMA
4a024a30 T NAND_DMAConfigStart
4a024b34 T NAND_QueryDmaStat
4a024b44 T NAND_WaitDmaFinish
4a024b4c T NAND_ClkRequest
4a024b54 T NAND_ClkRelease
4a024b58 T NAND_AHBEnable
4a024b74 T NAND_AHBDisable
4a024b8c T NAND_ClkEnable
4a024ba8 T NAND_ClkDisable
4a024bc0 T _GetCmuClk
4a024bf4 T NAND_SetClk
4a024c64 T NAND_GetClk
4a024c8c T NAND_PIORequest
4a024cb8 T NAND_PIORelease
4a024cbc T NAND_Malloc
4a024cc0 T NAND_Free
4a024cc4 T OSAL_IrqUnLock
4a024cc8 T OSAL_IrqLock
4a024ccc T NAND_WaitRbReady
4a024cd4 T NAND_IORemap
4a024cd8 T NAND_Print
4a024ce8 t _calc_crc32.constprop.0
4a024d80 T sunxi_nand_getpart_num
4a024da8 T sunxi_nand_getpart_name
4a024dd0 T sunxi_nand_getpart_offset
4a024e2c T sunxi_nand_getpart_size
4a024e88 T sunxi_nand_getpart_offset_byname
4a024f18 T sunxi_nand_getpart_size_byname
4a024fa8 T sunxi_nand_getpart_info_byname
4a025064 T sunxi_nand_scan_partition
4a025210 t _GetFreeBlkFromDieInfo
4a025284 T _CalculatePhyOpPar
4a0253bc t _VirtualBlockErase
4a025470 t _VirtualPageWrite
4a02562c t _WriteBadBlkFlag
4a0257ac t _VirtualPageRead
4a02592c t _GetEccFlag
4a025964 t _GetLogAge
4a0259a0 t _GetLastUsedPage
4a025d2c t _MergeDataBlkToFreeBlk
4a025e48 t _VirtualFreeBlockCheck
4a025fbc t _RebuildZoneTbls
4a028894 T FMT_Init
4a028e84 T FMT_Exit
4a028e8c T FMT_FormatNand
4a02927c T ClearNandStruct
4a029290 t _CalculateSectPar
4a029440 t _MergeCachePageData
4a0294f8 T LML_CalculatePhyOpPar
4a029630 t _CloseWritePage
4a0296f4 T LML_VirtualPageRead
4a02985c T LML_VirtualPageWrite
4a029a0c T LML_VirtualBlkErase
4a029ad4 T LML_PageRead
4a029d94 T LML_PageWrite
4a02a23c t _WritePageCacheToNand
4a02a34c T LML_FlushPageCache
4a02a38c T LML_Read
4a02a610 T LML_Write
4a02a878 T LML_Init
4a02aa2c T LML_Exit
4a02aaa4 T NAND_GetDiskSize
4a02aaec T NAND_SetPartInfo
4a02ac3c t _GetTblCheckSum
4a02ac64 t _write_back_page_map_tbl
4a02b204 t _write_back_block_map_tbl
4a02b5d4 T dump
4a02b678 T PMM_InitMapTblCache
4a02b70c T PMM_ExitMapTblCache
4a02b750 T BMM_InitMapTblCache
4a02b858 T BMM_ExitMapTblCache
4a02b8ac T BMM_SwitchMapTbl
4a02bbe0 T BMM_WriteBackAllMapTbl
4a02bc6c T BMM_SetDirtyFlag
4a02bd28 T PMM_SwitchMapTbl
4a02c2c0 T BMM_RleaseLogBlock
4a02c404 T BMM_MergeAllLogBlock
4a02c530 T BMM_DumpMap
4a02c638 t _CalLogAccessCnt
4a02c69c t _GetLogBlkPst
4a02c6e4 T PMM_CalNextLogPage
4a02c790 T BMM_GetDataBlk
4a02c800 T BMM_SetDataBlk
4a02c880 T BMM_GetFreeBlk
4a02c990 T BMM_SetFreeBlk
4a02ca08 T BMM_SetLogBlk
4a02ca70 T BMM_CalLogBlkType
4a02cae8 t _GetLogPageForWrite
4a02d2fc T BMM_GetLogBlk
4a02d500 T PMM_GetLogPage
4a02d770 T PMM_ClearCurMapTbl
4a02d7a0 T PMM_GetCurMapPage
4a02d7c0 T PMM_SetCurMapPage
4a02d7e0 T _copy_page0
4a02d9cc T _log2data_swap_merge
4a02dbbc T _free2log_move_merge
4a02e310 T _free2data_simple_merge
4a02e87c T _get_page_map_tbl_info
4a02e948 T LML_MergeLogBlk
4a02e9d4 T LML_ReadReclaim
4a02ead0 T nand_calc_crc32
4a02eb64 T _get_mbr
4a02ebf4 T _free_mbr
4a02ec24 T mbr2disks
4a02ec8c T NAND_PartInit
4a02ee64 T _cal_block_in_chip
4a02ef0c T _read_single_page_seq
4a02f108 T _read_single_page_1K
4a02f2ec T _read_single_page_spare
4a02f8e0 T PHY_SimpleRead_Seq
4a02f8e8 T PHY_SimpleRead_1K
4a02f8f0 T PHY_BlockErase
4a02fa88 T _read_sectors
4a02ffcc T _two_plane_read
4a030240 T PHY_PageRead
4a030490 T _cal_addr_in_chip_for_spare
4a030554 T _read_sectors_for_spare
4a030d2c T PHY_PageReadSpare
4a030f5c T PHY_FreePageCheck
4a03102c T PHY_PageWrite
4a031214 T _single_copy_back
4a0313dc T _multi_copy_back
4a031760 T PHY_PageCopyback
4a03188c T PHY_ScanDDRParam
4a0319dc T PHY_ReadNandUniqueId
4a031ab0 T _add_cmd_list
4a031ae8 T _cal_addr_in_chip
4a031ba8 T _cal_real_chip
4a031cb0 T _cal_real_rb
4a031d34 T _read_status
4a031dbc T _wait_rb_ready
4a031df4 T _wait_rb_ready_int
4a031e2c T _pending_dma_irq_sem
4a031e30 T _random_seed_init
4a031e34 T _cal_random_seed
4a031e4c T PHY_Init
4a031ebc T PHY_GetDefaultParam
4a03212c T PHY_SetDefaultParam
4a032170 T PHY_ChangeMode
4a03225c T PHY_Exit
4a032334 T PHY_ResetChip
4a0323e4 T _read_single_page
4a0328c0 T PHY_ReadNandId
4a032934 T PHY_CheckWp
4a032990 T _pending_rb_irq_sem
4a032994 T _do_irq
4a032998 T PHY_SimpleRead
4a0329a0 T PHY_SynchBank
4a032b1c T _write_signle_page
4a032cc4 T _write_signle_page_seq
4a032e6c T _write_signle_page_1K
4a032fdc T _erase_single_block
4a0330a0 T PHY_SimpleWrite
4a033120 T PHY_SimpleWrite_Seq
4a0331a0 T PHY_SimpleWrite_1K
4a033220 T PHY_SimpleErase
4a033288 T NAND_GetPageSize
4a03329c T NAND_GetLogicPageSize
4a0332b8 T NAND_GetPageCntPerBlk
4a0332c8 T NAND_GetBlkCntPerChip
4a0332e0 T NAND_GetChipCnt
4a0332f0 T NAND_GetChipConnect
4a033300 T NAND_GetBadBlockFlagPos
4a033308 T NAND_GetReadRetryType
4a033318 T NAND_GetValidBlkRatio
4a033328 T NAND_SetValidBlkRatio
4a033344 T NAND_GetFrequencePar
4a033354 T NAND_SetFrequencePar
4a03336c T NAND_GetNandVersion
4a033378 T NAND_GetParam
4a033434 T NAND_GetFlashInfo
4a033478 T _SearchNandArchi
4a033678 T SCN_AnalyzeNandSystem
4a033abc t _MarkBadBlk
4a033bf4 T LML_BadBlkManage
4a033d70 T NFC_InitDDRParam
4a033d84 T nfc_repeat_mode_enable
4a033dac T nfc_repeat_mode_disable
4a033dd4 T _wait_cmdfifo_free
4a033e24 T _wait_cmd_finish
4a033e88 T _dma_config_start
4a033e8c T _wait_dma_end
4a033ed8 T _reset
4a033f34 T _check_ecc
4a034004 T _disable_ecc
4a034020 T _enable_ecc
4a034054 T _enter_nand_critical
4a03405c T _exit_nand_critical
4a034064 T _set_addr
4a0340c0 T _read_in_page_mode
4a0341f4 T NFC_Read
4a034218 T nfc_set_cmd_register
4a0342bc T NFC_SetRandomSeed
4a0342e4 T NFC_RandomEnable
4a034304 T NFC_RandomDisable
4a034324 T NFC_GetId
4a034388 T NFC_GetStatus
4a0343d4 T NFC_ResetChip
4a0343f8 T NFC_SelectChip
4a034430 T NFC_SelectRb
4a034458 T NFC_DeSelectChip
4a034460 T NFC_DeSelectRb
4a034468 T NFC_CheckRbReady
4a034490 T NFC_ChangMode
4a0345a0 T NFC_SetEccMode
4a0345c8 T NFC_Init
4a034680 T NFC_Exit
4a0346b4 T _vender_get_param
4a034758 T _vender_set_param
4a0349f8 T _vender_pre_condition
4a034a9c T _vender_get_param_otp_hynix
4a034d68 T NFC_ReadRetry
4a035084 T NFC_ReadRetryInit
4a035430 T NFC_GetOTPValue
4a03546c T NFC_GetDefaultParam
4a035580 T NFC_SetDefaultParam
4a035778 T NFC_ReadRetry_off
4a0357c8 T NFC_ReadRetryExit
4a0357d0 T NFC_RbIntEnable
4a0357ec T NFC_RbIntDisable
4a035808 T NFC_RbIntClearStatus
4a035820 T NFC_RbIntGetStatus
4a035838 T NFC_RbIntOccur
4a035858 T NFC_GetRbSelect
4a035874 T NFC_GetRbStatus
4a0358b0 T NFC_DmaIntEnable
4a0358cc T NFC_DmaIntDisable
4a0358e8 T NFC_DmaIntClearStatus
4a035900 T NFC_DmaIntGetStatus
4a035918 T NFC_DmaIntOccur
4a035944 T _wait_twb
4a035948 T NFC_GetUniqueId
4a0359b4 T NFC_Write
4a035afc T NFC_Write_Seq
4a035c84 T NFC_Write_1K
4a035dfc T NFC_Erase
4a035e34 T NFC_CopyBackRead
4a035e6c T NFC_CopyBackWrite
4a035ea4 T _read_in_page_mode_seq
4a036030 T _read_in_page_mode_1K
4a0361a0 T _read_in_page_mode_spare
4a0362c4 T NFC_Read_Seq
4a036318 T NFC_Read_1K
4a03636c T NFC_Read_Spare
4a0363c0 T NFC_LSBInit
4a0364dc T LSB_GetDefaultParam
4a036524 T LSB_SetDefaultParam
4a03653c T NFC_LSBEnable
4a036598 T NFC_LSBDisable
4a0365b4 T NFC_LSBExit
4a036638 T fastboot_flash_partition_init
4a03687c T fastboot_partition_init
4a036880 T android_misc_flash_check
4a036a70 T check_android_misc
4a036a74 T set_boot_type_arg
4a036aa0 T board_init
4a036ad0 T board_late_init
4a036ae8 T dram_init_banksize
4a036b4c T dram_init
4a036b6c T board_mmc_init
4a036b80 T mmc_get_env_addr
4a036ba0 T checkboard
4a036bb8 T raise
4a036bd4 T __aeabi_unwind_cpp_pr0
4a036bd8 T __udivsi3
4a036bd8 t .udivsi3_skip_div0_test
4a036bd8 t __aeabi_uidiv
4a036e34 t __aeabi_uidivmod
4a036e50 T __divsi3
4a036e50 t __aeabi_idiv
4a036e56 t .divsi3_skip_div0_test
4a0370e4 t __aeabi_idivmod
4a037100 T __lshrdi3
4a037100 t __aeabi_llsr
4a037118 T __ashrdi3
4a037118 t __aeabi_lasr
4a037134 T __ashldi3
4a037134 t __aeabi_llsl
4a03714c W __aeabi_ldiv0
4a03714c t __aeabi_idiv0
4a037158 T reverse
4a0371a0 T parser_hextoi
4a037230 T check_smdt_param
4a0372a4 T update_env
4a0373a0 T do_update
4a037444 r boot_os
4a0374c8 r __func__.3003
4a0374d8 r baudrate_table
4a0374ec r __func__.2969
4a0374fc V version_string
4a03753e r CSWTCH.29
4a037554 R default_environment
4a037a12 r __func__.2704
4a037a22 r __func__.2711
4a037a2d r __func__.3599
4a037a3c r uimage_os
4a037a90 r uimage_arch
4a037b74 r uimage_type
4a037c40 r uimage_comp
4a037c88 r erase_seq
4a037c8c r tab_seq
4a037c98 r CSWTCH.13
4a037cb8 r block_drvr
4a037cd0 r multipliers
4a037d10 r fbase
4a037d20 r default_nand_name
4a037d25 r __FUNCTION__.3909
4a037d33 r __FUNCTION__.3331
4a037d44 r __FUNCTION__.3672
4a037d56 r __func__.4044
4a037d6a r __FUNCTION__.4077
4a037d79 r nand_ecc_precalc_table
4a037e7c R nand_manuf_ids
4a037ecc R nand_flash_ids
4a038334 r serial_ports
4a038344 r filesystems
4a03835c R crc7_syndrome_table
4a03845c r crc16_tab
4a03865c r crc_table
4a038a5c r names.2673
4a038a62 R _ctype
4a038b62 r digits.2661
4a038b72 R hex_asc
4a038b84 r lext.2900
4a038bc2 r lbase.2899
4a038c00 r dext.2902
4a038c40 r dbase.2901
4a038c80 r lenfix
4a039480 r distfix
4a039500 r order.2995
4a039528 R z_errmsg
4a03955c r __FUNCTION__.3090
4a039574 r CSWTCH.2
4a039577 r CSWTCH.4
4a03957e R random_seed
4a039688 R param0x30low
4a0396c8 R param0x30high
4a039718 R para0
4a039748 R para1
4a039778 R para0x10
4a039782 R para0x20
4a0397fa R param0x40
4a03980e R param0x50
4a03981c r __func__.2664
4a039832 r CSWTCH.6
4a039835 r CSWTCH.2
4a039838 r CSWTCH.4
4a03983b r CSWTCH.6
4a03983e r __FUNCTION__.3209
4a039847 r __FUNCTION__.3249
4a039859 r __FUNCTION__.3256
4a03986b r __FUNCTION__.3022
4a03987c r __func__.2576
4a043278 D mmc_card_no
4a04327c d script_mod_buf
4a043280 d script_main_key_count
4a043284 D init_sequence
4a0432b0 d cmd_bootm_sub
4a043374 d interface
4a043394 d static_pcount
4a043398 d dp_last_length
4a04339c d curr_device
4a0433a0 d cmd_env_sub
4a043480 d env_id
4a043484 D load_addr
4a043488 d av_
4a043890 d sbrk_base
4a043894 d trim_threshold
4a043898 d mmap_threshold
4a0438a0 D env_offset
4a0438a8 D env_size
4a0438ac D env_name_spec
4a0438b0 d reserved_list
4a043934 d hist_cur
4a043938 D stdio_names
4a043944 D dma_channal
4a043a44 d cur_dev_num
4a043a48 D nand_curr_device
4a043a4c d nand_oob_8
4a043c94 d nand_oob_16
4a043edc d nand_oob_64
4a044124 d nand_oob_128
4a04436c d largepage_flashbased
4a044390 d smallpage_flashbased
4a0443b4 d largepage_memorybased
4a0443d8 d smallpage_memorybased
4a0443fc d bbt_main_descr
4a044420 d bbt_mirror_descr
4a044444 d agand_flashbased
4a044468 d bbt_pattern
4a04446c d mirror_pattern
4a044470 d scan_agand_pattern
4a044476 d scan_ff_pattern
4a044478 d cur_part
4a04447c D file_cwd
4a04467c d current_filesystem
4a044680 D blks_array
4a0446c8 D DefaultNandTbl
4a0446f0 D SandiskNandTbl
4a044790 D PowerNandTbl
4a0447e0 D SpansionNandTbl
4a044880 D StNandTbl
4a044a10 D IntelNandTbl
4a044ba0 D MicronNandTbl
4a044f38 D ToshibaNandTbl
4a0452a8 D HynixNandTbl
4a045848 D SamsungNandTbl
4a045dc0 d DefualtPhysicArchiPara
4a045dd0 d PhysicArchiPara0
4a045de0 d PhysicArchiPara2
4a045df0 d PhysicArchiPara4
4a045e00 d PhysicArchiPara5
4a045e10 d PhysicArchiPara6
4a045e20 d PhysicArchiPara7
4a045e30 d PhysicArchiPara8
4a045e40 d PhysicArchiPara9
4a045e50 d PhysicArchiPara3
4a045e60 d PhysicArchiPara1
4a045e7c A __u_boot_cmd_start
4a045e7c D __u_boot_cmd_key_test
4a045e98 D __u_boot_cmd_reset
4a045eb4 D __u_boot_cmd_go
4a045ed0 D __u_boot_cmd_boota
4a045eec D __u_boot_cmd_bootd
4a045f08 D __u_boot_cmd_boot
4a045f24 D __u_boot_cmd_bootm
4a045f40 D __u_boot_cmd_exit
4a045f5c D __u_boot_cmd_fastboot
4a045f78 D __u_boot_cmd_fatinfo
4a045f94 D __u_boot_cmd_fatls
4a045fb0 D __u_boot_cmd_fatdown
4a045fcc D __u_boot_cmd_fatload
4a045fe8 D __u_boot_cmd_question_mark
4a046004 D __u_boot_cmd_help
4a046020 D __u_boot_cmd_mtest
4a04603c D __u_boot_cmd_loop
4a046058 D __u_boot_cmd_base
4a046074 D __u_boot_cmd_crc32
4a046090 D __u_boot_cmd_cmp
4a0460ac D __u_boot_cmd_cp
4a0460c8 D __u_boot_cmd_mw
4a0460e4 D __u_boot_cmd_nm
4a046100 D __u_boot_cmd_mm
4a04611c D __u_boot_cmd_md
4a046138 D __u_boot_cmd_mmc
4a046154 D __u_boot_cmd_mmcinfo
4a046170 D __u_boot_cmd_nboot
4a04618c D __u_boot_cmd_nand
4a0461a8 D __u_boot_cmd_run
4a0461c4 D __u_boot_cmd_setenv
4a0461e0 D __u_boot_cmd_printenv
4a0461fc D __u_boot_cmd_env
4a046218 D __u_boot_cmd_saveenv
4a046234 D __u_boot_cmd_sunxi_flash
4a046250 D __u_boot_cmd_true
4a04626c D __u_boot_cmd_false
4a046288 D __u_boot_cmd_test
4a0462a4 D __u_boot_cmd_version
4a0462c0 D __u_boot_cmd_showvar
4a0462dc D __u_boot_cmd_update
4a0462f8 A __image_copy_end
4a0462f8 A __u_boot_cmd_end
4a0462f8 B __bss_start
4a0462f8 B uart_console
4a0462f8 R __rel_dyn_start
4a0462fc B storage_type
4a046300 b udc
4a046328 b set_address
4a04632c b fastboot_fifo_ep0
4a04636c b device_strings
4a046384 b fastboot_interface
4a046388 b deferred_rx
4a04638c b fastboot_fifo_bulk_ep
4a04658c b mbr_buf
4a04a58c B irq_vector
4a04a760 b usbc_info_g
4a04a778 b usbc_otg_array
4a04a7f8 b usbc_base_address
4a04a804 B monitor_flash_len
4a04a808 b params
4a04a810 b boot_hdr
4a04aa10 b images
4a04ab3c b download_size
4a04ab40 b download_bytes
4a04ab44 b download_bytes_unpadded
4a04ab48 b download_error
4a04ab4c b continue_booting
4a04ab50 b upload_size
4a04ab54 b upload_bytes
4a04ab58 b upload_error
4a04ab5c b pcount
4a04ab60 b ptable
4a04ae20 b base_address
4a04ae24 b dp_last_addr
4a04ae28 b dp_last_size
4a04ae2c b mm_last_addr
4a04ae30 b mm_last_size
4a04ae38 b last.3525
4a04ae40 b tmp_buf.2613
4a04b040 b tmp_buf
4a04b140 b ctrlc_disabled
4a04b144 b ctrlc_was_pressed
4a04b148 B mem_malloc_brk
4a04b14c B mem_malloc_start
4a04b150 B mem_malloc_end
4a04b154 b current_mallinfo
4a04b17c b top_pad
4a04b180 b max_sbrked_mem
4a04b184 b max_total_mem
4a04b188 b n_mmaps_max
4a04b18c B env_htab
4a04b198 B env_ptr
4a04b19c b top_vars
4a04b1a0 b flag_repeat
4a04b1a4 b do_repeat
4a04b1a8 b the_command.2827
4a04b2a8 b local.2811
4a04b2be b buf.3025
4a04b2e8 B last_return_code
4a04b2ec b map
4a04b3ec b ifs
4a04b3f0 B nesting_level
4a04b3f4 b initted.2825
4a04b3f8 b hist_max
4a04b3fc b hist_add_idx
4a04b400 B hist_num
4a04b404 B hist_lines
4a04c098 R __dynsym_start
4a04c098 R __rel_dyn_end
4a04c158 A _end
4a04c818 B hist_list
4a04c868 B console_buffer
4a04c96c b devs
4a04c9a8 B stdio_devices
4a04c9b4 b xyz
4a04cdf0 b mmc_devices
4a04cdf8 B mmc_host
4a04ce78 B mmc_dev
4a04d2f8 b nand_chip
4a04d418 B nand_info
4a04d4c0 b mmc
4a04d4c4 B sunxi_flash_read
4a04d4c8 B sunxi_flash_write
4a04d4cc B sunxi_flash_get_size
4a04d4d0 B sunxi_flash_exit
4a04d4d4 B cur_dev
4a04d4d8 B part_offset
4a04d4dc B get_vfatname_block
4a05d4dc B do_fat_read_block
4a06d4dc B get_dentfromdir_block
4a07d4dc b total_sector
4a07d4e0 b dir_curclust
4a07d4e4 b empty_dentptr
4a07d4e8 B errno
4a07d4ec B ___strtok
4a07d4f0 b nand_blk_dev
4a07d560 B hDMA
4a07d564 B BOOTFSMBR_buf
4a081564 b SuperBlkCntOfDie
4a081568 B lsb_page
4a08156c B DIE0_FIRST_BLK_NUM
4a081570 B DieCntOfNand
4a081578 B NandDriverInfo
4a081598 b CachePage
4a0815a8 b LogicalCtl
4a0815cc B NandPartInfo
4a08170c B nand_part_cnt
4a081710 B nand_disk_array
4a081800 B ZoneTblPstInfo
4a081880 B LogicArchiPar
4a081888 B PageMapTblCachePool
4a0818bc B BlkMapTblCachePool
4a081934 B mbr
4a081938 B part_secur
4a081988 B NandStorageInfo
4a0819e4 B RetryCount
4a081a04 B PageCachePool
4a081a18 B ddr_param
4a081a38 B nand_io_base
4a081a3c B pagesize
4a081a40 B read_retry_mode
4a081a41 B read_retry_cycle
4a081a42 B read_retry_reg_num
4a081a44 B read_retry_val
4a081cc4 B read_retry_default_val
4a081d44 B read_retry_reg_adr
4a081d54 B hynix_read_retry_otp_value
4a081f54 B irq_value
4a081f58 B nand_board_version
4a081f5c B lsb_mode_reg_num
4a081f5d B lsb_mode_reg_adr
4a081f65 B lsb_mode_val
4a081f6d B lsb_mode_default_val
4a081f78 b misc_message
4a0823b8 B recovery_notcheck_display
4a0823bc B __bss_end__
